// Jest Snapshot v1, https://goo.gl/fbAQLP

exports[`renders CartItem component 1`] = `ShallowWrapper {}`;
