// Jest Snapshot v1, https://goo.gl/fbAQLP

exports[`Cart Icon functionality renders CartIcon component without crashing 1`] = `ShallowWrapper {}`;
